// Jest Snapshot v1, https://goo.gl/fbAQLP

exports[`Tests for the About component 1`] = `
<div
  className="element"
>
  About
</div>
`;
